[2026-02-06 04:41:25] WARNING: E_WARNING: rename(data\tmp\tmpB710.tmp,data/cache/application/classmapEntities.php): Access is denied (code: 5)
[2026-02-06 04:56:06] WARNING: E_WARNING: rename(data\tmp\tmp26B2.tmp,data/cache/application/classmapEntities.php): Access is denied (code: 5)
[2026-02-06 05:34:08] WARNING: E_WARNING: rename(data\tmp\tmpFAF7.tmp,data/cache/application/entityAcl.php): Access is denied (code: 5)
[2026-02-06 05:34:08] WARNING: E_WARNING: rename(data\tmp\tmpFAF7.tmp,data/cache/application/entityAcl.php): Access is denied (code: 5)
[2026-02-06 05:53:35] WARNING: E_WARNING: rename(data\tmp\tmpC9F9.tmp,data/cache/application/classmapControllers.php): Access is denied (code: 5)
[2026-02-06 06:01:34] WARNING: E_WARNING: rename(data\tmp\tmp1ADE.tmp,data/cache/application/metadata.php): Access is denied (code: 5)
[2026-02-06 06:01:34] WARNING: E_WARNING: rename(data\tmp\tmp1ADE.tmp,data/cache/application/metadata.php): Access is denied (code: 5)
[2026-02-06 06:11:30] WARNING: E_WARNING: rename(data\tmp\tmp3366.tmp,data/cache/application/classmapControllers.php): Access is denied (code: 5)
[2026-02-06 06:19:39] WARNING: E_WARNING: rename(data\tmp\tmpAB6D.tmp,data/cache/application/metadata.php): Access is denied (code: 5)
[2026-02-06 06:19:39] WARNING: E_WARNING: rename(data\tmp\tmpAB6D.tmp,data/cache/application/metadata.php): Access is denied (code: 5)
[2026-02-06 06:19:41] WARNING: E_WARNING: rename(data\tmp\tmpB107.tmp,data/cache/application/autoload.php): Access is denied (code: 5)
[2026-02-06 06:39:34] WARNING: (400) Field validation failure; entityType: CDrivingLicense, field: name, type: required. :: POST /CDrivingLicense
[2026-02-06 08:59:31] WARNING: E_WARNING: rename(data\tmp\tmp686.tmp,data/cache/application/entityAcl.php): Access is denied (code: 5)
[2026-02-06 08:59:31] WARNING: E_WARNING: rename(data\tmp\tmp686.tmp,data/cache/application/entityAcl.php): Access is denied (code: 5)
[2026-02-06 08:59:50] CRITICAL: (2002) SQLSTATE[HY000] [2002] No connection could be made because the target machine actively refused it :: GET /PopupNotification/action/grouped :: D:\xampp\htdocs\EspoCRM-9.2.7\application\Espo\ORM\PDO\MysqlPDOFactory.php(73)
[2026-02-06 08:59:55] CRITICAL: (2002) SQLSTATE[HY000] [2002] No connection could be made because the target machine actively refused it :: GET /Notification/action/notReadCount :: D:\xampp\htdocs\EspoCRM-9.2.7\application\Espo\ORM\PDO\MysqlPDOFactory.php(73)
[2026-02-06 09:34:15] WARNING: E_WARNING: rename(data\tmp\tmpC3FE.tmp,data/cache/application/routes.php): Access is denied (code: 5)
[2026-02-06 09:52:38] WARNING: E_WARNING: rename(data\tmp\tmp9B92.tmp,data/cache/application/entityAcl.php): Access is denied (code: 5)
[2026-02-06 10:21:15] CRITICAL: (500) Before-save formula script failed. Incorrect braces usage in expression country.name }. :: D:\xampp\htdocs\EspoCRM-9.2.7\application\Espo\Core\Formula\Exceptions\SyntaxError.php(48)
[2026-02-06 10:31:42] WARNING: E_WARNING: rename(data\tmp\tmp5E21.tmp,data/cache/application/routes.php): Access is denied (code: 5)
